<html>
<body>
<pre>
<h1>µVision Build Log</h1>
<h2>Tool Versions:</h2>
IDE-Version: µVision V5.36.0.0
Copyright (C) 2021 ARM Ltd and ARM Germany GmbH. All rights reserved.
License Information: Jose Tantera, Arimex Importadora, LIC=----
 
Tool Versions:
Toolchain:       MDK-Lite  Version: 5.36.0.0
Toolchain Path:  C:\Keil_v5\ARM\ARMCC\Bin
C Compiler:      Armcc.exe V5.06 update 7 (build 960)
Assembler:       Armasm.exe V5.06 update 7 (build 960)
Linker/Locator:  ArmLink.exe V5.06 update 7 (build 960)
Library Manager: ArmAr.exe V5.06 update 7 (build 960)
Hex Converter:   FromElf.exe V5.06 update 7 (build 960)
CPU DLL:         SARMCM3.DLL V5.36.0.0
Dialog DLL:      DARMCM1.DLL V1.19.4.0
Target DLL:      CMSIS_AGDI.dll V1.33.0.0
Dialog DLL:      TARMCM1.DLL V1.14.4.0
 
<h2>Project:</h2>
D:\Codigo\Motor 20k rpm\BLDC Eco 70mm - V5 watchdog\MDK_ARMv5\Project_52230.uvprojx
Project File Date:  09/26/2022

<h2>Output:</h2>
*** Using Compiler 'V5.06 update 7 (build 960)', folder: 'C:\Keil_v5\ARM\ARMCC\Bin'
Rebuild target 'HT32'
assembling ht32_op.s...
assembling startup_ht32f5xxxx_01.s...
compiling system_ht32f5xxxx_02.c...
compiling ht32f5xxxx_01_it.c...
compiling AL01_board_motor_dev_rev2019_01.c...
compiling main.c...
compiling AL02_inverter_1phase.c...
compiling AL03_motor_1phase_driver.c...
compiling AL00_micro_ht32f52230.c...
compiling ht32_cm0plus_misc.c...
compiling ht32f5xxxx_adc.c...
compiling ht32f5xxxx_bftm.c...
compiling ht32f5xxxx_exti.c...
compiling ht32f5xxxx_ckcu.c...
compiling ht32f5xxxx_flash.c...
compiling ht32f5xxxx_gpio.c...
compiling ht32f5xxxx_i2c.c...
compiling ht32f5xxxx_pwrcu.c...
compiling ht32f5xxxx_rstcu.c...
compiling ht32f5xxxx_spi.c...
compiling ht32f5xxxx_usart.c...
compiling ht32f5xxxx_wdt.c...
compiling ht32f5xxxx_tm.c...
compiling ht32_retarget.c...
compiling ht32_serial.c...
compiling ht32_board.c...
compiling i2c_eeprom.c...
compiling spi_flash.c...
compiling spi_lcd.c...
linking...
Program Size: Code=7464 RO-data=100 RW-data=220 ZI-data=660  
FromELF: creating hex file...
After Build - User command #1: fromelf --bin -o ".\HT32\52230\Obj\HT32.axf.bin" ".\HT32\52230\Obj\HT32.axf"
".\HT32\52230\Obj\HT32.axf" - 0 Error(s), 0 Warning(s).

<h2>Software Packages used:</h2>

Package Vendor: Holtek
                https://mcu.holtek.com.tw/pack/Holtek.HT32_DFP.1.0.38.pack
                Holtek.HT32_DFP.1.0.38
                Holtek HT32 Family Support

<h2>Collection of Component include folders:</h2>
  C:\Users\jtantera\AppData\Local\Arm\Packs\Holtek\HT32_DFP\1.0.38\ARM\INC\Holtek\HT32F5xxxx

<h2>Collection of Component Files used:</h2>
Build Time Elapsed:  00:00:04
</pre>
</body>
</html>
